pub const comprehensive_api::constants::CONST: &str
pub const comprehensive_api::traits::AssociatedConst::Flag: bool
pub extern crate comprehensive_api::rand
pub fn comprehensive_api::RngCore::fill_bytes(&mut self, dest: &mut [u8])
pub fn comprehensive_api::RngCore::next_u32(&mut self) -> u32
pub fn comprehensive_api::RngCore::next_u64(&mut self) -> u64
pub fn comprehensive_api::RngCore::try_fill_bytes(&mut self, dest: &mut [u8]) -> Result<(), Error>
pub fn comprehensive_api::functions::fn_arg(f: impl Fn(bool, RenamedPlain) -> bool, f_mut: impl FnMut())
pub fn comprehensive_api::functions::generic_arg<T>(t: T) -> T
pub fn comprehensive_api::functions::generic_bound<T: Sized>(t: T) -> T
pub fn comprehensive_api::functions::inferred_lifetime(foo: &usize) -> usize
pub fn comprehensive_api::functions::one_arg(x: usize)
pub fn comprehensive_api::functions::outlives<'a, 'b: 'a, 'c: 'b + 'a>(x: &'a bool, y: &'b i128, z: &'c Tuple) -> usize
pub fn comprehensive_api::functions::plain()
pub fn comprehensive_api::functions::return_array() -> [u8;2]
pub fn comprehensive_api::functions::return_iterator() -> impl Iterator<Item = u32>
pub fn comprehensive_api::functions::return_mut_raw_pointer(input: &mut usize) -> *mut usize
pub fn comprehensive_api::functions::return_raw_pointer(input: &usize) -> *usize
pub fn comprehensive_api::functions::return_slice<'a>(input: &'a [usize]) -> &'a [usize]
pub fn comprehensive_api::functions::return_tuple() -> (bool, Basic)
pub fn comprehensive_api::functions::somewhere<T, U>(t: T, u: U) where T: Display, U: Debug
pub fn comprehensive_api::functions::struct_arg(s: PrivateField)
pub fn comprehensive_api::functions::synthetic_arg(t: impl Simple) -> impl Simple
pub fn comprehensive_api::structs::Plain::f()
pub fn comprehensive_api::structs::Plain::new() -> Plain
pub fn comprehensive_api::structs::Plain::s1(self)
pub fn comprehensive_api::structs::Plain::s2(&self)
pub fn comprehensive_api::structs::Plain::s3(&mut self)
pub fn comprehensive_api::traits::Simple::act()
pub macro comprehensive_api::simple_macro!
pub mod comprehensive_api
pub mod comprehensive_api::constants
pub mod comprehensive_api::functions
pub mod comprehensive_api::impls
pub mod comprehensive_api::macros
pub mod comprehensive_api::statics
pub mod comprehensive_api::structs
pub mod comprehensive_api::traits
pub mod comprehensive_api::unions
pub static comprehensive_api::statics::ANSWER: i8
pub struct comprehensive_api::StructInPrivateMod
pub struct comprehensive_api::structs::ConstArg<T, NGenericParamDefKind::Constusize>
pub struct comprehensive_api::structs::Plain
pub struct comprehensive_api::structs::PrivateField
pub struct comprehensive_api::structs::Tuple
pub struct comprehensive_api::structs::Unit
pub struct comprehensive_api::structs::WithLifetime<'a>
pub struct field comprehensive_api::structs::ConstArg::items: [T;N]
pub struct field comprehensive_api::structs::Plain::x: usize
pub struct field comprehensive_api::structs::Tuple::0: usize
pub struct field comprehensive_api::structs::WithLifetime::z: &'a Unit
pub struct field comprehensive_api::unions::Basic::x: usize
pub struct field comprehensive_api::unions::Basic::y: usize
pub trait comprehensive_api::RngCore
pub trait comprehensive_api::traits::AssociatedConst
pub trait comprehensive_api::traits::AssociatedType
pub trait comprehensive_api::traits::Empty
pub trait comprehensive_api::traits::Simple
pub type comprehensive_api::traits::AssociatedType::Type[]
pub union comprehensive_api::unions::Basic
pub use comprehensive_api::Plain
pub use comprehensive_api::RenamedPlain
