pub mod public_items
pub enum public_items::Error
pub type public_items::Error::Error = <U as TryFrom<T>>::Error
pub type public_items::Error::Error = Infallible
pub enum variant public_items::Error::SerdeJsonError(serde_json::Error)
pub const fn public_items::Error::borrow(&self) -> &T
pub const fn public_items::Error::borrow_mut(&mut self) -> &mut T
pub fn public_items::Error::fmt(&self, __formatter: &mut std::fmt::Formatter<'_>) -> std::fmt::Result
pub fn public_items::Error::fmt(&self, f: &mut crate::fmt::Formatter<'_>) -> crate::fmt::Result
pub const fn public_items::Error::from(t: T) -> T
pub fn public_items::Error::from(source: serde_json::Error) -> Self
pub const fn public_items::Error::into(Self) -> U
pub fn public_items::Error::source(&self) -> std::option::Option<&std::error::Error>
pub fn public_items::Error::to_string(&self) -> String
pub const fn public_items::Error::try_from(value: U) -> Result<T, <T as TryFrom<U>>::Error>
pub const fn public_items::Error::try_into(Self) -> Result<U, <U as TryFrom<T>>::Error>
pub fn public_items::Error::type_id(&self) -> TypeId
pub struct public_items::Options
pub type public_items::Options::Error = <U as TryFrom<T>>::Error
pub type public_items::Options::Error = Infallible
pub type public_items::Options::Owned = T
pub const fn public_items::Options::borrow(&self) -> &T
pub const fn public_items::Options::borrow_mut(&mut self) -> &mut T
pub fn public_items::Options::clone(&self) -> Options
pub fn public_items::Options::clone_into(&self, target: &mut T)
pub fn public_items::Options::default() -> Self
pub fn public_items::Options::fmt(&self, f: &mut crate::fmt::Formatter<'_>) -> crate::fmt::Result
pub const fn public_items::Options::from(t: T) -> T
pub const fn public_items::Options::into(Self) -> U
pub fn public_items::Options::to_owned(&self) -> T
pub const fn public_items::Options::try_from(value: U) -> Result<T, <T as TryFrom<U>>::Error>
pub const fn public_items::Options::try_into(Self) -> Result<U, <U as TryFrom<T>>::Error>
pub fn public_items::Options::type_id(&self) -> TypeId
pub struct field public_items::Options::with_blanket_implementations: bool
pub struct public_items::PublicItem
pub type public_items::PublicItem::Error = <U as TryFrom<T>>::Error
pub type public_items::PublicItem::Error = Infallible
pub const fn public_items::PublicItem::borrow(&self) -> &T
pub const fn public_items::PublicItem::borrow_mut(&mut self) -> &mut T
pub fn public_items::PublicItem::cmp(&self, other: &PublicItem) -> crate::cmp::Ordering
pub fn public_items::PublicItem::eq(&self, other: &PublicItem) -> bool
pub fn public_items::PublicItem::fmt(&self, f: &mut std::fmt::Formatter<'_>) -> std::fmt::Result
pub const fn public_items::PublicItem::from(t: T) -> T
pub const fn public_items::PublicItem::into(Self) -> U
pub fn public_items::PublicItem::ne(&self, other: &PublicItem) -> bool
pub fn public_items::PublicItem::partial_cmp(&self, other: &PublicItem) -> crate::option::Option<crate::cmp::Ordering>
pub fn public_items::PublicItem::to_string(&self) -> String
pub const fn public_items::PublicItem::try_from(value: U) -> Result<T, <T as TryFrom<U>>::Error>
pub const fn public_items::PublicItem::try_into(Self) -> Result<U, <U as TryFrom<T>>::Error>
pub fn public_items::PublicItem::type_id(&self) -> TypeId
pub type public_items::Result = std::result::Result<T, Error>
pub fn public_items::sorted_public_items_from_rustdoc_json_str(rustdoc_json_str: &str, options: Options) -> Result<Vec<PublicItem>>
