pub mod thiserror
pub proc macro thiserror::Error!
